// Jest Snapshot v1, https://goo.gl/fbAQLP

exports[`renders a button correctly 1`] = `
<button>
  Play
</button>
`;
